<html>
<body>
<pre>
<h1>µVision Build Log</h1>
<h2>Project:</h2>
D:\HTTP_DataTrans\Project\HttpDemo.uvproj
Project File Date:  03/27/2017

<h2>Output:</h2>
compiling main.c...
..\User\main.c - 0 Error(s), 0 Warning(s).
Build target 'HttpDemo'
linking...
Program Size: Code=12390 RO-data=346 RW-data=60 ZI-data=2092  
FromELF: creating hex file...
"..\object\HttpDemo.axf" - 0 Error(s), 0 Warning(s).
Rebuild target 'HttpDemo'
compiling core_cm3.c...
compiling system_stm32f10x.c...
assembling startup_stm32f10x_hd.s...
compiling main.c...
compiling stm32f10x_it.c...
compiling misc.c...
compiling stm32f10x_exti.c...
compiling stm32f10x_flash.c...
compiling stm32f10x_gpio.c...
compiling stm32f10x_i2c.c...
compiling stm32f10x_rcc.c...
compiling stm32f10x_usart.c...
compiling stm32f10x_adc.c...
compiling stm32f10x_dma.c...
compiling stm32f10x_tim.c...
compiling HTTP_Demo.c...
compiling esp8266.c...
compiling usart1.c...
compiling usart2.c...
compiling adc.c...
compiling delay.c...
compiling srf05.c...
compiling tim2.c...
linking...
Program Size: Code=12390 RO-data=346 RW-data=60 ZI-data=2092  
FromELF: creating hex file...
"..\object\HttpDemo.axf" - 0 Error(s), 0 Warning(s).
