ARM Linker, 5.02 [Build 28] [MDK-ARM Standard]

==============================================================================

Section Cross References

    system_stm32f10x.o(.text) refers to system_stm32f10x.o(.data) for SystemCoreClock
    startup_stm32f10x_hd.o(RESET) refers to startup_stm32f10x_hd.o(STACK) for __initial_sp
    startup_stm32f10x_hd.o(RESET) refers to startup_stm32f10x_hd.o(.text) for Reset_Handler
    startup_stm32f10x_hd.o(RESET) refers to stm32f10x_it.o(.text) for NMI_Handler
    startup_stm32f10x_hd.o(.text) refers to system_stm32f10x.o(.text) for SystemInit
    startup_stm32f10x_hd.o(.text) refers to entry.o(.ARM.Collect$$$$00000000) for __main
    main.o(.text) refers to memseta.o(.text) for __aeabi_memclr4
    main.o(.text) refers to delay.o(.text) for Delay_Init
    main.o(.text) refers to adc.o(.text) for ADC_Config
    main.o(.text) refers to usart1.o(.text) for USART1_Config
    main.o(.text) refers to usart2.o(.text) for USART2_Config
    main.o(.text) refers to tim2.o(.text) for TIM2_Configuration
    main.o(.text) refers to srf05.o(.text) for SRF05_Init
    main.o(.text) refers to esp8266.o(.text) for ESP8266_Init
    main.o(.text) refers to printf3.o(i.__0printf$3) for __2printf
    main.o(.text) refers to http_demo.o(.text) for HTTP_GetPkt
    main.o(.text) refers to adc.o(.data) for adcConvertedValue
    main.o(.text) refers to usart2.o(.bss) for usart2_rcv_buf
    stm32f10x_it.o(.text) refers to usart2.o(.data) for usart2_rcv_len
    stm32f10x_it.o(.text) refers to usart2.o(.bss) for usart2_rcv_buf
    stm32f10x_gpio.o(.text) refers to stm32f10x_rcc.o(.text) for RCC_APB2PeriphResetCmd
    stm32f10x_i2c.o(.text) refers to stm32f10x_rcc.o(.text) for RCC_APB1PeriphResetCmd
    stm32f10x_rcc.o(.text) refers to stm32f10x_rcc.o(.data) for APBAHBPrescTable
    stm32f10x_usart.o(.text) refers to stm32f10x_rcc.o(.text) for RCC_APB2PeriphResetCmd
    stm32f10x_adc.o(.text) refers to stm32f10x_rcc.o(.text) for RCC_APB2PeriphResetCmd
    stm32f10x_tim.o(.text) refers to stm32f10x_rcc.o(.text) for RCC_APB2PeriphResetCmd
    http_demo.o(.text) refers to memseta.o(.text) for __aeabi_memclr
    http_demo.o(.text) refers to printf3.o(i.__0sprintf$3) for __2sprintf
    http_demo.o(.text) refers to strcat.o(.text) for strcat
    http_demo.o(.text) refers to strlen.o(.text) for strlen
    http_demo.o(.text) refers to http_demo.o(.bss) for temp
    esp8266.o(.text) refers to usart2.o(.text) for SendCmd
    usart1.o(.text) refers to stm32f10x_rcc.o(.text) for RCC_APB2PeriphClockCmd
    usart1.o(.text) refers to stm32f10x_gpio.o(.text) for GPIO_Init
    usart1.o(.text) refers to stm32f10x_usart.o(.text) for USART_Init
    usart1.o(.text) refers to misc.o(.text) for NVIC_Init
    usart2.o(.text) refers to stm32f10x_rcc.o(.text) for RCC_APB2PeriphClockCmd
    usart2.o(.text) refers to stm32f10x_gpio.o(.text) for GPIO_Init
    usart2.o(.text) refers to stm32f10x_usart.o(.text) for USART_Init
    usart2.o(.text) refers to misc.o(.text) for NVIC_Init
    usart2.o(.text) refers to memseta.o(.text) for __aeabi_memclr
    usart2.o(.text) refers to strlen.o(.text) for strlen
    usart2.o(.text) refers to delay.o(.text) for DelayMs
    usart2.o(.text) refers to printf3.o(i.__0printf$3) for __2printf
    usart2.o(.text) refers to strstr.o(.text) for strstr
    usart2.o(.text) refers to memcpya.o(.text) for __aeabi_memcpy
    usart2.o(.text) refers to usart2.o(.bss) for usart2_rcv_buf
    usart2.o(.text) refers to usart2.o(.data) for usart2_rcv_len
    usart2.o(.text) refers to usart2.o(.constdata) for __func__
    adc.o(.text) refers to stm32f10x_dma.o(.text) for DMA_DeInit
    adc.o(.text) refers to stm32f10x_adc.o(.text) for ADC_Init
    adc.o(.text) refers to stm32f10x_gpio.o(.text) for GPIO_Init
    adc.o(.text) refers to stm32f10x_rcc.o(.text) for RCC_APB2PeriphClockCmd
    adc.o(.text) refers to adc.o(.data) for adcConvertedValue
    delay.o(.text) refers to delay.o(.data) for UsCount
    srf05.o(.text) refers to stm32f10x_rcc.o(.text) for RCC_APB2PeriphClockCmd
    srf05.o(.text) refers to stm32f10x_gpio.o(.text) for GPIO_Init
    srf05.o(.text) refers to delay.o(.text) for DelayUs
    srf05.o(.text) refers to stm32f10x_tim.o(.text) for TIM_Cmd
    tim2.o(.text) refers to misc.o(.text) for NVIC_PriorityGroupConfig
    tim2.o(.text) refers to stm32f10x_rcc.o(.text) for RCC_APB1PeriphClockCmd
    tim2.o(.text) refers to stm32f10x_tim.o(.text) for TIM_DeInit
    entry.o(.ARM.Collect$$$$00000000) refers (Special) to entry7b.o(.ARM.Collect$$$$00000008) for _main_clock
    entry.o(.ARM.Collect$$$$00000000) refers (Special) to entry8.o(.ARM.Collect$$$$00000009) for _main_init
    entry.o(.ARM.Collect$$$$00000000) refers (Special) to entry5.o(.ARM.Collect$$$$00000004) for _main_scatterload
    entry.o(.ARM.Collect$$$$00000000) refers (Special) to entry2.o(.ARM.Collect$$$$00000001) for _main_stk
    printfb.o(i.__0fprintf$bare) refers to printfb.o(i._printf_core) for _printf_core
    printfb.o(i.__0fprintf$bare) refers to usart1.o(.text) for fputc
    printfb.o(i.__0printf$bare) refers to printfb.o(i._printf_core) for _printf_core
    printfb.o(i.__0printf$bare) refers to usart1.o(.text) for fputc
    printfb.o(i.__0printf$bare) refers to stdout.o(.data) for __stdout
    printfb.o(i.__0snprintf$bare) refers to printfb.o(i._printf_core) for _printf_core
    printfb.o(i.__0snprintf$bare) refers to printfb.o(i._snputc) for _snputc
    printfb.o(i.__0sprintf$bare) refers to printfb.o(i._printf_core) for _printf_core
    printfb.o(i.__0sprintf$bare) refers to printfb.o(i._sputc) for _sputc
    printfb.o(i.__0vfprintf$bare) refers to printfb.o(i._printf_core) for _printf_core
    printfb.o(i.__0vfprintf$bare) refers to usart1.o(.text) for fputc
    printfb.o(i.__0vprintf$bare) refers to printfb.o(i._printf_core) for _printf_core
    printfb.o(i.__0vprintf$bare) refers to usart1.o(.text) for fputc
    printfb.o(i.__0vprintf$bare) refers to stdout.o(.data) for __stdout
    printfb.o(i.__0vsnprintf$bare) refers to printfb.o(i._printf_core) for _printf_core
    printfb.o(i.__0vsnprintf$bare) refers to printfb.o(i._snputc) for _snputc
    printfb.o(i.__0vsprintf$bare) refers to printfb.o(i._printf_core) for _printf_core
    printfb.o(i.__0vsprintf$bare) refers to printfb.o(i._sputc) for _sputc
    printf0.o(i.__0fprintf$0) refers to printf0.o(i._printf_core) for _printf_core
    printf0.o(i.__0fprintf$0) refers to usart1.o(.text) for fputc
    printf0.o(i.__0printf$0) refers to printf0.o(i._printf_core) for _printf_core
    printf0.o(i.__0printf$0) refers to usart1.o(.text) for fputc
    printf0.o(i.__0printf$0) refers to stdout.o(.data) for __stdout
    printf0.o(i.__0snprintf$0) refers to printf0.o(i._printf_core) for _printf_core
    printf0.o(i.__0snprintf$0) refers to printf0.o(i._snputc) for _snputc
    printf0.o(i.__0sprintf$0) refers to printf0.o(i._printf_core) for _printf_core
    printf0.o(i.__0sprintf$0) refers to printf0.o(i._sputc) for _sputc
    printf0.o(i.__0vfprintf$0) refers to printf0.o(i._printf_core) for _printf_core
    printf0.o(i.__0vfprintf$0) refers to usart1.o(.text) for fputc
    printf0.o(i.__0vprintf$0) refers to printf0.o(i._printf_core) for _printf_core
    printf0.o(i.__0vprintf$0) refers to usart1.o(.text) for fputc
    printf0.o(i.__0vprintf$0) refers to stdout.o(.data) for __stdout
    printf0.o(i.__0vsnprintf$0) refers to printf0.o(i._printf_core) for _printf_core
    printf0.o(i.__0vsnprintf$0) refers to printf0.o(i._snputc) for _snputc
    printf0.o(i.__0vsprintf$0) refers to printf0.o(i._printf_core) for _printf_core
    printf0.o(i.__0vsprintf$0) refers to printf0.o(i._sputc) for _sputc
    printf1.o(i.__0fprintf$1) refers to printf1.o(i._printf_core) for _printf_core
    printf1.o(i.__0fprintf$1) refers to usart1.o(.text) for fputc
    printf1.o(i.__0printf$1) refers to printf1.o(i._printf_core) for _printf_core
    printf1.o(i.__0printf$1) refers to usart1.o(.text) for fputc
    printf1.o(i.__0printf$1) refers to stdout.o(.data) for __stdout
    printf1.o(i.__0snprintf$1) refers to printf1.o(i._printf_core) for _printf_core
    printf1.o(i.__0snprintf$1) refers to printf1.o(i._snputc) for _snputc
    printf1.o(i.__0sprintf$1) refers to printf1.o(i._printf_core) for _printf_core
    printf1.o(i.__0sprintf$1) refers to printf1.o(i._sputc) for _sputc
    printf1.o(i.__0vfprintf$1) refers to printf1.o(i._printf_core) for _printf_core
    printf1.o(i.__0vfprintf$1) refers to usart1.o(.text) for fputc
    printf1.o(i.__0vprintf$1) refers to printf1.o(i._printf_core) for _printf_core
    printf1.o(i.__0vprintf$1) refers to usart1.o(.text) for fputc
    printf1.o(i.__0vprintf$1) refers to stdout.o(.data) for __stdout
    printf1.o(i.__0vsnprintf$1) refers to printf1.o(i._printf_core) for _printf_core
    printf1.o(i.__0vsnprintf$1) refers to printf1.o(i._snputc) for _snputc
    printf1.o(i.__0vsprintf$1) refers to printf1.o(i._printf_core) for _printf_core
    printf1.o(i.__0vsprintf$1) refers to printf1.o(i._sputc) for _sputc
    printf1.o(i._printf_core) refers to uidiv.o(.text) for __aeabi_uidivmod
    printf2.o(i.__0fprintf$2) refers to printf2.o(i._printf_core) for _printf_core
    printf2.o(i.__0fprintf$2) refers to usart1.o(.text) for fputc
    printf2.o(i.__0printf$2) refers to printf2.o(i._printf_core) for _printf_core
    printf2.o(i.__0printf$2) refers to usart1.o(.text) for fputc
    printf2.o(i.__0printf$2) refers to stdout.o(.data) for __stdout
    printf2.o(i.__0snprintf$2) refers to printf2.o(i._printf_core) for _printf_core
    printf2.o(i.__0snprintf$2) refers to printf2.o(i._snputc) for _snputc
    printf2.o(i.__0sprintf$2) refers to printf2.o(i._printf_core) for _printf_core
    printf2.o(i.__0sprintf$2) refers to printf2.o(i._sputc) for _sputc
    printf2.o(i.__0vfprintf$2) refers to printf2.o(i._printf_core) for _printf_core
    printf2.o(i.__0vfprintf$2) refers to usart1.o(.text) for fputc
    printf2.o(i.__0vprintf$2) refers to printf2.o(i._printf_core) for _printf_core
    printf2.o(i.__0vprintf$2) refers to usart1.o(.text) for fputc
    printf2.o(i.__0vprintf$2) refers to stdout.o(.data) for __stdout
    printf2.o(i.__0vsnprintf$2) refers to printf2.o(i._printf_core) for _printf_core
    printf2.o(i.__0vsnprintf$2) refers to printf2.o(i._snputc) for _snputc
    printf2.o(i.__0vsprintf$2) refers to printf2.o(i._printf_core) for _printf_core
    printf2.o(i.__0vsprintf$2) refers to printf2.o(i._sputc) for _sputc
    printf3.o(i.__0fprintf$3) refers to printf3.o(i._printf_core) for _printf_core
    printf3.o(i.__0fprintf$3) refers to usart1.o(.text) for fputc
    printf3.o(i.__0printf$3) refers to printf3.o(i._printf_core) for _printf_core
    printf3.o(i.__0printf$3) refers to usart1.o(.text) for fputc
    printf3.o(i.__0printf$3) refers to stdout.o(.data) for __stdout
    printf3.o(i.__0snprintf$3) refers to printf3.o(i._printf_core) for _printf_core
    printf3.o(i.__0snprintf$3) refers to printf3.o(i._snputc) for _snputc
    printf3.o(i.__0sprintf$3) refers to printf3.o(i._printf_core) for _printf_core
    printf3.o(i.__0sprintf$3) refers to printf3.o(i._sputc) for _sputc
    printf3.o(i.__0vfprintf$3) refers to printf3.o(i._printf_core) for _printf_core
    printf3.o(i.__0vfprintf$3) refers to usart1.o(.text) for fputc
    printf3.o(i.__0vprintf$3) refers to printf3.o(i._printf_core) for _printf_core
    printf3.o(i.__0vprintf$3) refers to usart1.o(.text) for fputc
    printf3.o(i.__0vprintf$3) refers to stdout.o(.data) for __stdout
    printf3.o(i.__0vsnprintf$3) refers to printf3.o(i._printf_core) for _printf_core
    printf3.o(i.__0vsnprintf$3) refers to printf3.o(i._snputc) for _snputc
    printf3.o(i.__0vsprintf$3) refers to printf3.o(i._printf_core) for _printf_core
    printf3.o(i.__0vsprintf$3) refers to printf3.o(i._sputc) for _sputc
    printf3.o(i._printf_core) refers to uidiv.o(.text) for __aeabi_uidivmod
    printf4.o(i.__0fprintf$4) refers to printf4.o(i._printf_core) for _printf_core
    printf4.o(i.__0fprintf$4) refers to usart1.o(.text) for fputc
    printf4.o(i.__0printf$4) refers to printf4.o(i._printf_core) for _printf_core
    printf4.o(i.__0printf$4) refers to usart1.o(.text) for fputc
    printf4.o(i.__0printf$4) refers to stdout.o(.data) for __stdout
    printf4.o(i.__0snprintf$4) refers to printf4.o(i._printf_core) for _printf_core
    printf4.o(i.__0snprintf$4) refers to printf4.o(i._snputc) for _snputc
    printf4.o(i.__0sprintf$4) refers to printf4.o(i._printf_core) for _printf_core
    printf4.o(i.__0sprintf$4) refers to printf4.o(i._sputc) for _sputc
    printf4.o(i.__0vfprintf$4) refers to printf4.o(i._printf_core) for _printf_core
    printf4.o(i.__0vfprintf$4) refers to usart1.o(.text) for fputc
    printf4.o(i.__0vprintf$4) refers to printf4.o(i._printf_core) for _printf_core
    printf4.o(i.__0vprintf$4) refers to usart1.o(.text) for fputc
    printf4.o(i.__0vprintf$4) refers to stdout.o(.data) for __stdout
    printf4.o(i.__0vsnprintf$4) refers to printf4.o(i._printf_core) for _printf_core
    printf4.o(i.__0vsnprintf$4) refers to printf4.o(i._snputc) for _snputc
    printf4.o(i.__0vsprintf$4) refers to printf4.o(i._printf_core) for _printf_core
    printf4.o(i.__0vsprintf$4) refers to printf4.o(i._sputc) for _sputc
    printf4.o(i._printf_core) refers to uldiv.o(.text) for __aeabi_uldivmod
    printf5.o(i.__0fprintf$5) refers to printf5.o(i._printf_core) for _printf_core
    printf5.o(i.__0fprintf$5) refers to usart1.o(.text) for fputc
    printf5.o(i.__0printf$5) refers to printf5.o(i._printf_core) for _printf_core
    printf5.o(i.__0printf$5) refers to usart1.o(.text) for fputc
    printf5.o(i.__0printf$5) refers to stdout.o(.data) for __stdout
    printf5.o(i.__0snprintf$5) refers to printf5.o(i._printf_core) for _printf_core
    printf5.o(i.__0snprintf$5) refers to printf5.o(i._snputc) for _snputc
    printf5.o(i.__0sprintf$5) refers to printf5.o(i._printf_core) for _printf_core
    printf5.o(i.__0sprintf$5) refers to printf5.o(i._sputc) for _sputc
    printf5.o(i.__0vfprintf$5) refers to printf5.o(i._printf_core) for _printf_core
    printf5.o(i.__0vfprintf$5) refers to usart1.o(.text) for fputc
    printf5.o(i.__0vprintf$5) refers to printf5.o(i._printf_core) for _printf_core
    printf5.o(i.__0vprintf$5) refers to usart1.o(.text) for fputc
    printf5.o(i.__0vprintf$5) refers to stdout.o(.data) for __stdout
    printf5.o(i.__0vsnprintf$5) refers to printf5.o(i._printf_core) for _printf_core
    printf5.o(i.__0vsnprintf$5) refers to printf5.o(i._snputc) for _snputc
    printf5.o(i.__0vsprintf$5) refers to printf5.o(i._printf_core) for _printf_core
    printf5.o(i.__0vsprintf$5) refers to printf5.o(i._sputc) for _sputc
    printf5.o(i._printf_core) refers to uldiv.o(.text) for __aeabi_uldivmod
    printf6.o(i.__0fprintf$6) refers to printf6.o(i._printf_core) for _printf_core
    printf6.o(i.__0fprintf$6) refers to usart1.o(.text) for fputc
    printf6.o(i.__0printf$6) refers to printf6.o(i._printf_core) for _printf_core
    printf6.o(i.__0printf$6) refers to usart1.o(.text) for fputc
    printf6.o(i.__0printf$6) refers to stdout.o(.data) for __stdout
    printf6.o(i.__0snprintf$6) refers to printf6.o(i._printf_core) for _printf_core
    printf6.o(i.__0snprintf$6) refers to printf6.o(i._snputc) for _snputc
    printf6.o(i.__0sprintf$6) refers to printf6.o(i._printf_core) for _printf_core
    printf6.o(i.__0sprintf$6) refers to printf6.o(i._sputc) for _sputc
    printf6.o(i.__0vfprintf$6) refers to printf6.o(i._printf_core) for _printf_core
    printf6.o(i.__0vfprintf$6) refers to usart1.o(.text) for fputc
    printf6.o(i.__0vprintf$6) refers to printf6.o(i._printf_core) for _printf_core
    printf6.o(i.__0vprintf$6) refers to usart1.o(.text) for fputc
    printf6.o(i.__0vprintf$6) refers to stdout.o(.data) for __stdout
    printf6.o(i.__0vsnprintf$6) refers to printf6.o(i._printf_core) for _printf_core
    printf6.o(i.__0vsnprintf$6) refers to printf6.o(i._snputc) for _snputc
    printf6.o(i.__0vsprintf$6) refers to printf6.o(i._printf_core) for _printf_core
    printf6.o(i.__0vsprintf$6) refers to printf6.o(i._sputc) for _sputc
    printf6.o(i._printf_core) refers to printf6.o(i._printf_pre_padding) for _printf_pre_padding
    printf6.o(i._printf_core) refers to uidiv.o(.text) for __aeabi_uidivmod
    printf6.o(i._printf_core) refers to printf6.o(i._printf_post_padding) for _printf_post_padding
    printf7.o(i.__0fprintf$7) refers to printf7.o(i._printf_core) for _printf_core
    printf7.o(i.__0fprintf$7) refers to usart1.o(.text) for fputc
    printf7.o(i.__0printf$7) refers to printf7.o(i._printf_core) for _printf_core
    printf7.o(i.__0printf$7) refers to usart1.o(.text) for fputc
    printf7.o(i.__0printf$7) refers to stdout.o(.data) for __stdout
    printf7.o(i.__0snprintf$7) refers to printf7.o(i._printf_core) for _printf_core
    printf7.o(i.__0snprintf$7) refers to printf7.o(i._snputc) for _snputc
    printf7.o(i.__0sprintf$7) refers to printf7.o(i._printf_core) for _printf_core
    printf7.o(i.__0sprintf$7) refers to printf7.o(i._sputc) for _sputc
    printf7.o(i.__0vfprintf$7) refers to printf7.o(i._printf_core) for _printf_core
    printf7.o(i.__0vfprintf$7) refers to usart1.o(.text) for fputc
    printf7.o(i.__0vprintf$7) refers to printf7.o(i._printf_core) for _printf_core
    printf7.o(i.__0vprintf$7) refers to usart1.o(.text) for fputc
    printf7.o(i.__0vprintf$7) refers to stdout.o(.data) for __stdout
    printf7.o(i.__0vsnprintf$7) refers to printf7.o(i._printf_core) for _printf_core
    printf7.o(i.__0vsnprintf$7) refers to printf7.o(i._snputc) for _snputc
    printf7.o(i.__0vsprintf$7) refers to printf7.o(i._printf_core) for _printf_core
    printf7.o(i.__0vsprintf$7) refers to printf7.o(i._sputc) for _sputc
    printf7.o(i._printf_core) refers to printf7.o(i._printf_pre_padding) for _printf_pre_padding
    printf7.o(i._printf_core) refers to uldiv.o(.text) for __aeabi_uldivmod
    printf7.o(i._printf_core) refers to printf7.o(i._printf_post_padding) for _printf_post_padding
    printf8.o(i.__0fprintf$8) refers to printf8.o(i._printf_core) for _printf_core
    printf8.o(i.__0fprintf$8) refers to usart1.o(.text) for fputc
    printf8.o(i.__0printf$8) refers to printf8.o(i._printf_core) for _printf_core
    printf8.o(i.__0printf$8) refers to usart1.o(.text) for fputc
    printf8.o(i.__0printf$8) refers to stdout.o(.data) for __stdout
    printf8.o(i.__0snprintf$8) refers to printf8.o(i._printf_core) for _printf_core
    printf8.o(i.__0snprintf$8) refers to printf8.o(i._snputc) for _snputc
    printf8.o(i.__0sprintf$8) refers to printf8.o(i._printf_core) for _printf_core
    printf8.o(i.__0sprintf$8) refers to printf8.o(i._sputc) for _sputc
    printf8.o(i.__0vfprintf$8) refers to printf8.o(i._printf_core) for _printf_core
    printf8.o(i.__0vfprintf$8) refers to usart1.o(.text) for fputc
    printf8.o(i.__0vprintf$8) refers to printf8.o(i._printf_core) for _printf_core
    printf8.o(i.__0vprintf$8) refers to usart1.o(.text) for fputc
    printf8.o(i.__0vprintf$8) refers to stdout.o(.data) for __stdout
    printf8.o(i.__0vsnprintf$8) refers to printf8.o(i._printf_core) for _printf_core
    printf8.o(i.__0vsnprintf$8) refers to printf8.o(i._snputc) for _snputc
    printf8.o(i.__0vsprintf$8) refers to printf8.o(i._printf_core) for _printf_core
    printf8.o(i.__0vsprintf$8) refers to printf8.o(i._sputc) for _sputc
    printf8.o(i._printf_core) refers to printf8.o(i._printf_pre_padding) for _printf_pre_padding
    printf8.o(i._printf_core) refers to uldiv.o(.text) for __aeabi_uldivmod
    printf8.o(i._printf_core) refers to printf8.o(i._printf_post_padding) for _printf_post_padding
    printfa.o(i.__0fprintf) refers (Special) to iusefp.o(.text) for __I$use$fp
    printfa.o(i.__0fprintf) refers to printfa.o(i._printf_core) for _printf_core
    printfa.o(i.__0fprintf) refers to usart1.o(.text) for fputc
    printfa.o(i.__0printf) refers (Special) to iusefp.o(.text) for __I$use$fp
    printfa.o(i.__0printf) refers to printfa.o(i._printf_core) for _printf_core
    printfa.o(i.__0printf) refers to usart1.o(.text) for fputc
    printfa.o(i.__0printf) refers to stdout.o(.data) for __stdout
    printfa.o(i.__0snprintf) refers (Special) to iusefp.o(.text) for __I$use$fp
    printfa.o(i.__0snprintf) refers to printfa.o(i._printf_core) for _printf_core
    printfa.o(i.__0snprintf) refers to printfa.o(i._snputc) for _snputc
    printfa.o(i.__0sprintf) refers (Special) to iusefp.o(.text) for __I$use$fp
    printfa.o(i.__0sprintf) refers to printfa.o(i._printf_core) for _printf_core
    printfa.o(i.__0sprintf) refers to printfa.o(i._sputc) for _sputc
    printfa.o(i.__0vfprintf) refers (Special) to iusefp.o(.text) for __I$use$fp
    printfa.o(i.__0vfprintf) refers to printfa.o(i._printf_core) for _printf_core
    printfa.o(i.__0vfprintf) refers to usart1.o(.text) for fputc
    printfa.o(i.__0vprintf) refers (Special) to iusefp.o(.text) for __I$use$fp
    printfa.o(i.__0vprintf) refers to printfa.o(i._printf_core) for _printf_core
    printfa.o(i.__0vprintf) refers to usart1.o(.text) for fputc
    printfa.o(i.__0vprintf) refers to stdout.o(.data) for __stdout
    printfa.o(i.__0vsnprintf) refers (Special) to iusefp.o(.text) for __I$use$fp
    printfa.o(i.__0vsnprintf) refers to printfa.o(i._printf_core) for _printf_core
    printfa.o(i.__0vsnprintf) refers to printfa.o(i._snputc) for _snputc
    printfa.o(i.__0vsprintf) refers (Special) to iusefp.o(.text) for __I$use$fp
    printfa.o(i.__0vsprintf) refers to printfa.o(i._printf_core) for _printf_core
    printfa.o(i.__0vsprintf) refers to printfa.o(i._sputc) for _sputc
    printfa.o(i._fp_digits) refers (Special) to iusefp.o(.text) for __I$use$fp
    printfa.o(i._fp_digits) refers to dmul.o(.text) for __aeabi_dmul
    printfa.o(i._fp_digits) refers to ddiv.o(.text) for __aeabi_ddiv
    printfa.o(i._fp_digits) refers to cdrcmple.o(.text) for __aeabi_cdrcmple
    printfa.o(i._fp_digits) refers to dadd.o(.text) for __aeabi_dadd
    printfa.o(i._fp_digits) refers to dfixul.o(.text) for __aeabi_d2ulz
    printfa.o(i._fp_digits) refers to uldiv.o(.text) for __aeabi_uldivmod
    printfa.o(i._printf_core) refers (Special) to iusefp.o(.text) for __I$use$fp
    printfa.o(i._printf_core) refers to printfa.o(i._printf_pre_padding) for _printf_pre_padding
    printfa.o(i._printf_core) refers to uldiv.o(.text) for __aeabi_uldivmod
    printfa.o(i._printf_core) refers to printfa.o(i._printf_post_padding) for _printf_post_padding
    printfa.o(i._printf_core) refers to printfa.o(i._fp_digits) for _fp_digits
    printfa.o(i._printf_core) refers to uidiv.o(.text) for __aeabi_uidivmod
    printfa.o(i._printf_post_padding) refers (Special) to iusefp.o(.text) for __I$use$fp
    printfa.o(i._printf_pre_padding) refers (Special) to iusefp.o(.text) for __I$use$fp
    printfa.o(i._snputc) refers (Special) to iusefp.o(.text) for __I$use$fp
    printfa.o(i._sputc) refers (Special) to iusefp.o(.text) for __I$use$fp
    entry2.o(.ARM.Collect$$$$00000001) refers to entry2.o(.ARM.Collect$$$$00002712) for __lit__00000000
    entry2.o(.ARM.Collect$$$$00002712) refers to startup_stm32f10x_hd.o(STACK) for __initial_sp
    entry2.o(__vectab_stack_and_reset_area) refers to startup_stm32f10x_hd.o(STACK) for __initial_sp
    entry2.o(__vectab_stack_and_reset_area) refers to entry.o(.ARM.Collect$$$$00000000) for __main
    entry5.o(.ARM.Collect$$$$00000004) refers to init.o(.text) for __scatterload
    entry8.o(.ARM.Collect$$$$00000009) refers to main.o(.text) for main
    uldiv.o(.text) refers to llushr.o(.text) for __aeabi_llsr
    uldiv.o(.text) refers to llshl.o(.text) for __aeabi_llsl
    dadd.o(.text) refers to llshl.o(.text) for __aeabi_llsl
    dadd.o(.text) refers to llsshr.o(.text) for __aeabi_lasr
    dadd.o(.text) refers to depilogue.o(.text) for _double_epilogue
    dmul.o(.text) refers to depilogue.o(.text) for _double_epilogue
    ddiv.o(.text) refers to depilogue.o(.text) for _double_round
    dfixul.o(.text) refers to llushr.o(.text) for __aeabi_llsr
    dfixul.o(.text) refers to llshl.o(.text) for __aeabi_llsl
    init.o(.text) refers to entry5.o(.ARM.Collect$$$$00000004) for __main_after_scatterload
    depilogue.o(.text) refers to llshl.o(.text) for __aeabi_llsl
    depilogue.o(.text) refers to llushr.o(.text) for __aeabi_llsr


==============================================================================

Removing Unused input sections from the image.

    Removing core_cm3.o(.emb_text), (32 bytes).
    Removing startup_stm32f10x_hd.o(HEAP), (1024 bytes).
    Removing stm32f10x_exti.o(.text), (284 bytes).
    Removing stm32f10x_flash.o(.text), (1460 bytes).
    Removing stm32f10x_i2c.o(.text), (1004 bytes).
    Removing usart1.o(.bss), (512 bytes).
    Removing usart1.o(.data), (12 bytes).
    Removing dadd.o(.text), (334 bytes).
    Removing dmul.o(.text), (228 bytes).
    Removing ddiv.o(.text), (222 bytes).
    Removing dfixul.o(.text), (48 bytes).
    Removing cdrcmple.o(.text), (40 bytes).
    Removing depilogue.o(.text), (190 bytes).

13 unused section(s) (total 5390 bytes) removed from the image.

==============================================================================

Image Symbol Table

    Local Symbols

    Symbol Name                              Value     Ov Type        Size  Object(Section)

    ../clib/microlib/division.c              0x00000000   Number         0  uldiv.o ABSOLUTE
    ../clib/microlib/division.c              0x00000000   Number         0  uidiv.o ABSOLUTE
    ../clib/microlib/init/entry.s            0x00000000   Number         0  entry7a.o ABSOLUTE
    ../clib/microlib/init/entry.s            0x00000000   Number         0  entry5.o ABSOLUTE
    ../clib/microlib/init/entry.s            0x00000000   Number         0  entry2.o ABSOLUTE
    ../clib/microlib/init/entry.s            0x00000000   Number         0  entry.o ABSOLUTE
    ../clib/microlib/init/entry.s            0x00000000   Number         0  entry8.o ABSOLUTE
    ../clib/microlib/init/entry.s            0x00000000   Number         0  entry7b.o ABSOLUTE
    ../clib/microlib/longlong.c              0x00000000   Number         0  llsshr.o ABSOLUTE
    ../clib/microlib/longlong.c              0x00000000   Number         0  llushr.o ABSOLUTE
    ../clib/microlib/longlong.c              0x00000000   Number         0  llshl.o ABSOLUTE
    ../clib/microlib/printf/printf.c         0x00000000   Number         0  printfa.o ABSOLUTE
    ../clib/microlib/printf/printf.c         0x00000000   Number         0  printfb.o ABSOLUTE
    ../clib/microlib/printf/printf.c         0x00000000   Number         0  printf0.o ABSOLUTE
    ../clib/microlib/printf/printf.c         0x00000000   Number         0  printf1.o ABSOLUTE
    ../clib/microlib/printf/printf.c         0x00000000   Number         0  printf2.o ABSOLUTE
    ../clib/microlib/printf/printf.c         0x00000000   Number         0  printf3.o ABSOLUTE
    ../clib/microlib/printf/printf.c         0x00000000   Number         0  printf4.o ABSOLUTE
    ../clib/microlib/printf/printf.c         0x00000000   Number         0  printf5.o ABSOLUTE
    ../clib/microlib/printf/printf.c         0x00000000   Number         0  printf7.o ABSOLUTE
    ../clib/microlib/printf/printf.c         0x00000000   Number         0  printf8.o ABSOLUTE
    ../clib/microlib/printf/printf.c         0x00000000   Number         0  printf6.o ABSOLUTE
    ../clib/microlib/printf/stubs.s          0x00000000   Number         0  stubs.o ABSOLUTE
    ../clib/microlib/stdio/streams.c         0x00000000   Number         0  stdout.o ABSOLUTE
    ../clib/microlib/string/memcpy.c         0x00000000   Number         0  memcpya.o ABSOLUTE
    ../clib/microlib/string/memcpy.c         0x00000000   Number         0  memcpyb.o ABSOLUTE
    ../clib/microlib/string/memset.c         0x00000000   Number         0  memseta.o ABSOLUTE
    ../clib/microlib/string/strcat.c         0x00000000   Number         0  strcat.o ABSOLUTE
    ../clib/microlib/string/strlen.c         0x00000000   Number         0  strlen.o ABSOLUTE
    ../clib/microlib/string/strstr.c         0x00000000   Number         0  strstr.o ABSOLUTE
    ../clib/microlib/stubs.s                 0x00000000   Number         0  iusefp.o ABSOLUTE
    ../fplib/microlib/fpadd.c                0x00000000   Number         0  dadd.o ABSOLUTE
    ../fplib/microlib/fpdiv.c                0x00000000   Number         0  ddiv.o ABSOLUTE
    ../fplib/microlib/fpepilogue.c           0x00000000   Number         0  depilogue.o ABSOLUTE
    ../fplib/microlib/fpfix.c                0x00000000   Number         0  dfixul.o ABSOLUTE
    ../fplib/microlib/fpmul.c                0x00000000   Number         0  dmul.o ABSOLUTE
    ..\Hal\adc.c                             0x00000000   Number         0  adc.o ABSOLUTE
    ..\Hal\delay.c                           0x00000000   Number         0  delay.o ABSOLUTE
    ..\Hal\srf05.c                           0x00000000   Number         0  srf05.o ABSOLUTE
    ..\Hal\tim2.c                            0x00000000   Number         0  tim2.o ABSOLUTE
    ..\Hal\usart1.c                          0x00000000   Number         0  usart1.o ABSOLUTE
    ..\Hal\usart2.c                          0x00000000   Number         0  usart2.o ABSOLUTE
    ..\Libraries\CMSIS\core_cm3.c            0x00000000   Number         0  core_cm3.o ABSOLUTE
    ..\Libraries\CMSIS\startup\arm\startup_stm32f10x_hd.s 0x00000000   Number         0  startup_stm32f10x_hd.o ABSOLUTE
    ..\Libraries\CMSIS\system_stm32f10x.c    0x00000000   Number         0  system_stm32f10x.o ABSOLUTE
    ..\Libraries\STM32F10x_StdPeriph_Driver\src\misc.c 0x00000000   Number         0  misc.o ABSOLUTE
    ..\Libraries\STM32F10x_StdPeriph_Driver\src\stm32f10x_adc.c 0x00000000   Number         0  stm32f10x_adc.o ABSOLUTE
    ..\Libraries\STM32F10x_StdPeriph_Driver\src\stm32f10x_dma.c 0x00000000   Number         0  stm32f10x_dma.o ABSOLUTE
    ..\Libraries\STM32F10x_StdPeriph_Driver\src\stm32f10x_exti.c 0x00000000   Number         0  stm32f10x_exti.o ABSOLUTE
    ..\Libraries\STM32F10x_StdPeriph_Driver\src\stm32f10x_flash.c 0x00000000   Number         0  stm32f10x_flash.o ABSOLUTE
    ..\Libraries\STM32F10x_StdPeriph_Driver\src\stm32f10x_gpio.c 0x00000000   Number         0  stm32f10x_gpio.o ABSOLUTE
    ..\Libraries\STM32F10x_StdPeriph_Driver\src\stm32f10x_i2c.c 0x00000000   Number         0  stm32f10x_i2c.o ABSOLUTE
    ..\Libraries\STM32F10x_StdPeriph_Driver\src\stm32f10x_rcc.c 0x00000000   Number         0  stm32f10x_rcc.o ABSOLUTE
    ..\Libraries\STM32F10x_StdPeriph_Driver\src\stm32f10x_tim.c 0x00000000   Number         0  stm32f10x_tim.o ABSOLUTE
    ..\Libraries\STM32F10x_StdPeriph_Driver\src\stm32f10x_usart.c 0x00000000   Number         0  stm32f10x_usart.o ABSOLUTE
    ..\Network\esp8266\esp8266.c             0x00000000   Number         0  esp8266.o ABSOLUTE
    ..\Protocol\http\HTTP_Demo.c             0x00000000   Number         0  http_demo.o ABSOLUTE
    ..\User\main.c                           0x00000000   Number         0  main.o ABSOLUTE
    ..\User\stm32f10x_it.c                   0x00000000   Number         0  stm32f10x_it.o ABSOLUTE
    ..\\Libraries\\CMSIS\\core_cm3.c         0x00000000   Number         0  core_cm3.o ABSOLUTE
    cdrcmple.s                               0x00000000   Number         0  cdrcmple.o ABSOLUTE
    dc.s                                     0x00000000   Number         0  dc.o ABSOLUTE
    handlers.s                               0x00000000   Number         0  handlers.o ABSOLUTE
    init.s                                   0x00000000   Number         0  init.o ABSOLUTE
    RESET                                    0x08000000   Section      304  startup_stm32f10x_hd.o(RESET)
    .ARM.Collect$$$$00000000                 0x08000130   Section        0  entry.o(.ARM.Collect$$$$00000000)
    .ARM.Collect$$$$00000001                 0x08000130   Section        4  entry2.o(.ARM.Collect$$$$00000001)
    .ARM.Collect$$$$00000004                 0x08000134   Section        4  entry5.o(.ARM.Collect$$$$00000004)
    .ARM.Collect$$$$00000008                 0x08000138   Section        0  entry7b.o(.ARM.Collect$$$$00000008)
    .ARM.Collect$$$$00000009                 0x08000138   Section        8  entry8.o(.ARM.Collect$$$$00000009)
    .ARM.Collect$$$$00002712                 0x08000140   Section        4  entry2.o(.ARM.Collect$$$$00002712)
    __lit__00000000                          0x08000140   Data           4  entry2.o(.ARM.Collect$$$$00002712)
    .text                                    0x08000144   Section        0  system_stm32f10x.o(.text)
    SetSysClockTo72                          0x08000145   Thumb Code   192  system_stm32f10x.o(.text)
    SetSysClock                              0x08000205   Thumb Code     8  system_stm32f10x.o(.text)
    .text                                    0x08000314   Section       36  startup_stm32f10x_hd.o(.text)
    .text                                    0x08000338   Section        0  main.o(.text)
    .text                                    0x080005a0   Section        0  stm32f10x_it.o(.text)
    .text                                    0x08000614   Section        0  misc.o(.text)
    .text                                    0x080006f0   Section        0  stm32f10x_gpio.o(.text)
    .text                                    0x08000a48   Section        0  stm32f10x_rcc.o(.text)
    .text                                    0x08000dec   Section        0  stm32f10x_usart.o(.text)
    .text                                    0x080011f4   Section        0  stm32f10x_adc.o(.text)
    .text                                    0x08001630   Section        0  stm32f10x_dma.o(.text)
    .text                                    0x08001880   Section        0  stm32f10x_tim.o(.text)
    TI4_Config                               0x08001d27   Thumb Code   130  stm32f10x_tim.o(.text)
    TI3_Config                               0x08001dbb   Thumb Code   122  stm32f10x_tim.o(.text)
    TI2_Config                               0x08001e4f   Thumb Code   130  stm32f10x_tim.o(.text)
    TI1_Config                               0x08001ee3   Thumb Code   108  stm32f10x_tim.o(.text)
    .text                                    0x0800269c   Section        0  http_demo.o(.text)
    .text                                    0x08002870   Section        0  esp8266.o(.text)
    .text                                    0x08002984   Section        0  usart1.o(.text)
    .text                                    0x08002a78   Section        0  usart2.o(.text)
    .text                                    0x08002bfc   Section        0  adc.o(.text)
    .text                                    0x08002d34   Section        0  delay.o(.text)
    .text                                    0x08002e20   Section        0  srf05.o(.text)
    .text                                    0x08002ee8   Section        0  tim2.o(.text)
    .text                                    0x08002f52   Section        0  memcpya.o(.text)
    .text                                    0x08002f76   Section        0  memseta.o(.text)
    .text                                    0x08002f9a   Section        0  strcat.o(.text)
    .text                                    0x08002fb6   Section        0  strstr.o(.text)
    .text                                    0x08002fe2   Section        0  strlen.o(.text)
    .text                                    0x08002ff2   Section        0  uidiv.o(.text)
    .text                                    0x08003020   Section       36  init.o(.text)
    i.__0printf$3                            0x08003044   Section        0  printf3.o(i.__0printf$3)
    i.__0sprintf$3                           0x08003064   Section        0  printf3.o(i.__0sprintf$3)
    i.__scatterload_copy                     0x0800308c   Section       14  handlers.o(i.__scatterload_copy)
    i.__scatterload_null                     0x0800309a   Section        2  handlers.o(i.__scatterload_null)
    i.__scatterload_zeroinit                 0x0800309c   Section       14  handlers.o(i.__scatterload_zeroinit)
    i._printf_core                           0x080030ac   Section        0  printf3.o(i._printf_core)
    _printf_core                             0x080030ad   Thumb Code   436  printf3.o(i._printf_core)
    i._sputc                                 0x08003264   Section        0  printf3.o(i._sputc)
    _sputc                                   0x08003265   Thumb Code    10  printf3.o(i._sputc)
    .constdata                               0x0800326e   Section        8  usart2.o(.constdata)
    __func__                                 0x0800326e   Data           8  usart2.o(.constdata)
    .data                                    0x20000000   Section       20  system_stm32f10x.o(.data)
    .data                                    0x20000014   Section       20  stm32f10x_rcc.o(.data)
    APBAHBPrescTable                         0x20000014   Data          16  stm32f10x_rcc.o(.data)
    ADCPrescTable                            0x20000024   Data           4  stm32f10x_rcc.o(.data)
    .data                                    0x20000028   Section        8  usart2.o(.data)
    .data                                    0x20000030   Section        4  adc.o(.data)
    .data                                    0x20000034   Section        4  delay.o(.data)
    .data                                    0x20000038   Section        4  stdout.o(.data)
    .bss                                     0x2000003c   Section      110  http_demo.o(.bss)
    .bss                                     0x200000aa   Section     1024  usart2.o(.bss)
    STACK                                    0x200004b0   Section     1024  startup_stm32f10x_hd.o(STACK)

    Global Symbols

    Symbol Name                              Value     Ov Type        Size  Object(Section)

    BuildAttributes$$THM_ISAv4$P$D$K$B$S$PE$A:L22UL41UL21$X:L11$S22US41US21$IEEE1$IW$USESV6$~STKCKD$USESV7$~SHL$OSPACE$ROPI$EBA8$MICROLIB$REQ8$PRES8$EABIv2 0x00000000   Number         0  anon$$obj.o ABSOLUTE
    __ARM_use_no_argv                        0x00000000   Number         0  main.o ABSOLUTE
    _printf_a                                0x00000000   Number         0  stubs.o ABSOLUTE
    _printf_c                                0x00000000   Number         0  stubs.o ABSOLUTE
    _printf_charcount                        0x00000000   Number         0  stubs.o ABSOLUTE
    _printf_d                                0x00000000   Number         0  stubs.o ABSOLUTE
    _printf_e                                0x00000000   Number         0  stubs.o ABSOLUTE
    _printf_f                                0x00000000   Number         0  stubs.o ABSOLUTE
    _printf_flags                            0x00000000   Number         0  stubs.o ABSOLUTE
    _printf_fp_dec                           0x00000000   Number         0  stubs.o ABSOLUTE
    _printf_fp_hex                           0x00000000   Number         0  stubs.o ABSOLUTE
    _printf_g                                0x00000000   Number         0  stubs.o ABSOLUTE
    _printf_i                                0x00000000   Number         0  stubs.o ABSOLUTE
    _printf_int_dec                          0x00000000   Number         0  stubs.o ABSOLUTE
    _printf_l                                0x00000000   Number         0  stubs.o ABSOLUTE
    _printf_lc                               0x00000000   Number         0  stubs.o ABSOLUTE
    _printf_ll                               0x00000000   Number         0  stubs.o ABSOLUTE
    _printf_lld                              0x00000000   Number         0  stubs.o ABSOLUTE
    _printf_lli                              0x00000000   Number         0  stubs.o ABSOLUTE
    _printf_llo                              0x00000000   Number         0  stubs.o ABSOLUTE
    _printf_llu                              0x00000000   Number         0  stubs.o ABSOLUTE
    _printf_llx                              0x00000000   Number         0  stubs.o ABSOLUTE
    _printf_longlong_dec                     0x00000000   Number         0  stubs.o ABSOLUTE
    _printf_longlong_hex                     0x00000000   Number         0  stubs.o ABSOLUTE
    _printf_longlong_oct                     0x00000000   Number         0  stubs.o ABSOLUTE
    _printf_ls                               0x00000000   Number         0  stubs.o ABSOLUTE
    _printf_mbtowc                           0x00000000   Number         0  stubs.o ABSOLUTE
    _printf_n                                0x00000000   Number         0  stubs.o ABSOLUTE
    _printf_o                                0x00000000   Number         0  stubs.o ABSOLUTE
    _printf_p                                0x00000000   Number         0  stubs.o ABSOLUTE
    _printf_percent                          0x00000000   Number         0  stubs.o ABSOLUTE
    _printf_pre_padding                      0x00000000   Number         0  stubs.o ABSOLUTE
    _printf_return_value                     0x00000000   Number         0  stubs.o ABSOLUTE
    _printf_s                                0x00000000   Number         0  stubs.o ABSOLUTE
    _printf_sizespec                         0x00000000   Number         0  stubs.o ABSOLUTE
    _printf_str                              0x00000000   Number         0  stubs.o ABSOLUTE
    _printf_truncate_signed                  0x00000000   Number         0  stubs.o ABSOLUTE
    _printf_truncate_unsigned                0x00000000   Number         0  stubs.o ABSOLUTE
    _printf_u                                0x00000000   Number         0  stubs.o ABSOLUTE
    _printf_wc                               0x00000000   Number         0  stubs.o ABSOLUTE
    _printf_wctomb                           0x00000000   Number         0  stubs.o ABSOLUTE
    _printf_widthprec                        0x00000000   Number         0  stubs.o ABSOLUTE
    _printf_x                                0x00000000   Number         0  stubs.o ABSOLUTE
    __decompress                              - Undefined Weak Reference
    _clock_init                               - Undefined Weak Reference
    __Vectors_Size                           0x00000130   Number         0  startup_stm32f10x_hd.o ABSOLUTE
    __Vectors                                0x08000000   Data           4  startup_stm32f10x_hd.o(RESET)
    __Vectors_End                            0x08000130   Data           0  startup_stm32f10x_hd.o(RESET)
    __main                                   0x08000131   Thumb Code     0  entry.o(.ARM.Collect$$$$00000000)
    _main_stk                                0x08000131   Thumb Code     0  entry2.o(.ARM.Collect$$$$00000001)
    _main_scatterload                        0x08000135   Thumb Code     0  entry5.o(.ARM.Collect$$$$00000004)
    __main_after_scatterload                 0x08000139   Thumb Code     0  entry5.o(.ARM.Collect$$$$00000004)
    _main_clock                              0x08000139   Thumb Code     0  entry7b.o(.ARM.Collect$$$$00000008)
    _main_init                               0x08000139   Thumb Code     0  entry8.o(.ARM.Collect$$$$00000009)
    SystemInit                               0x0800020d   Thumb Code    78  system_stm32f10x.o(.text)
    SystemCoreClockUpdate                    0x0800025b   Thumb Code   142  system_stm32f10x.o(.text)
    Reset_Handler                            0x08000315   Thumb Code     8  startup_stm32f10x_hd.o(.text)
    ADC1_2_IRQHandler                        0x0800032f   Thumb Code     0  startup_stm32f10x_hd.o(.text)
    ADC3_IRQHandler                          0x0800032f   Thumb Code     0  startup_stm32f10x_hd.o(.text)
    CAN1_RX1_IRQHandler                      0x0800032f   Thumb Code     0  startup_stm32f10x_hd.o(.text)
    CAN1_SCE_IRQHandler                      0x0800032f   Thumb Code     0  startup_stm32f10x_hd.o(.text)
    DMA1_Channel1_IRQHandler                 0x0800032f   Thumb Code     0  startup_stm32f10x_hd.o(.text)
    DMA1_Channel2_IRQHandler                 0x0800032f   Thumb Code     0  startup_stm32f10x_hd.o(.text)
    DMA1_Channel3_IRQHandler                 0x0800032f   Thumb Code     0  startup_stm32f10x_hd.o(.text)
    DMA1_Channel4_IRQHandler                 0x0800032f   Thumb Code     0  startup_stm32f10x_hd.o(.text)
    DMA1_Channel5_IRQHandler                 0x0800032f   Thumb Code     0  startup_stm32f10x_hd.o(.text)
    DMA1_Channel6_IRQHandler                 0x0800032f   Thumb Code     0  startup_stm32f10x_hd.o(.text)
    DMA1_Channel7_IRQHandler                 0x0800032f   Thumb Code     0  startup_stm32f10x_hd.o(.text)
    DMA2_Channel1_IRQHandler                 0x0800032f   Thumb Code     0  startup_stm32f10x_hd.o(.text)
    DMA2_Channel2_IRQHandler                 0x0800032f   Thumb Code     0  startup_stm32f10x_hd.o(.text)
    DMA2_Channel3_IRQHandler                 0x0800032f   Thumb Code     0  startup_stm32f10x_hd.o(.text)
    DMA2_Channel4_5_IRQHandler               0x0800032f   Thumb Code     0  startup_stm32f10x_hd.o(.text)
    EXTI15_10_IRQHandler                     0x0800032f   Thumb Code     0  startup_stm32f10x_hd.o(.text)
    EXTI1_IRQHandler                         0x0800032f   Thumb Code     0  startup_stm32f10x_hd.o(.text)
    EXTI2_IRQHandler                         0x0800032f   Thumb Code     0  startup_stm32f10x_hd.o(.text)
    EXTI3_IRQHandler                         0x0800032f   Thumb Code     0  startup_stm32f10x_hd.o(.text)
    EXTI4_IRQHandler                         0x0800032f   Thumb Code     0  startup_stm32f10x_hd.o(.text)
    EXTI9_5_IRQHandler                       0x0800032f   Thumb Code     0  startup_stm32f10x_hd.o(.text)
    FLASH_IRQHandler                         0x0800032f   Thumb Code     0  startup_stm32f10x_hd.o(.text)
    FSMC_IRQHandler                          0x0800032f   Thumb Code     0  startup_stm32f10x_hd.o(.text)
    I2C1_ER_IRQHandler                       0x0800032f   Thumb Code     0  startup_stm32f10x_hd.o(.text)
    I2C1_EV_IRQHandler                       0x0800032f   Thumb Code     0  startup_stm32f10x_hd.o(.text)
    I2C2_ER_IRQHandler                       0x0800032f   Thumb Code     0  startup_stm32f10x_hd.o(.text)
    I2C2_EV_IRQHandler                       0x0800032f   Thumb Code     0  startup_stm32f10x_hd.o(.text)
    PVD_IRQHandler                           0x0800032f   Thumb Code     0  startup_stm32f10x_hd.o(.text)
    RCC_IRQHandler                           0x0800032f   Thumb Code     0  startup_stm32f10x_hd.o(.text)
    RTCAlarm_IRQHandler                      0x0800032f   Thumb Code     0  startup_stm32f10x_hd.o(.text)
    SDIO_IRQHandler                          0x0800032f   Thumb Code     0  startup_stm32f10x_hd.o(.text)
    SPI1_IRQHandler                          0x0800032f   Thumb Code     0  startup_stm32f10x_hd.o(.text)
    SPI2_IRQHandler                          0x0800032f   Thumb Code     0  startup_stm32f10x_hd.o(.text)
    SPI3_IRQHandler                          0x0800032f   Thumb Code     0  startup_stm32f10x_hd.o(.text)
    TAMPER_IRQHandler                        0x0800032f   Thumb Code     0  startup_stm32f10x_hd.o(.text)
    TIM1_BRK_IRQHandler                      0x0800032f   Thumb Code     0  startup_stm32f10x_hd.o(.text)
    TIM1_CC_IRQHandler                       0x0800032f   Thumb Code     0  startup_stm32f10x_hd.o(.text)
    TIM1_TRG_COM_IRQHandler                  0x0800032f   Thumb Code     0  startup_stm32f10x_hd.o(.text)
    TIM1_UP_IRQHandler                       0x0800032f   Thumb Code     0  startup_stm32f10x_hd.o(.text)
    TIM2_IRQHandler                          0x0800032f   Thumb Code     0  startup_stm32f10x_hd.o(.text)
    TIM3_IRQHandler                          0x0800032f   Thumb Code     0  startup_stm32f10x_hd.o(.text)
    TIM4_IRQHandler                          0x0800032f   Thumb Code     0  startup_stm32f10x_hd.o(.text)
    TIM5_IRQHandler                          0x0800032f   Thumb Code     0  startup_stm32f10x_hd.o(.text)
    TIM6_IRQHandler                          0x0800032f   Thumb Code     0  startup_stm32f10x_hd.o(.text)
    TIM7_IRQHandler                          0x0800032f   Thumb Code     0  startup_stm32f10x_hd.o(.text)
    TIM8_BRK_IRQHandler                      0x0800032f   Thumb Code     0  startup_stm32f10x_hd.o(.text)
    TIM8_CC_IRQHandler                       0x0800032f   Thumb Code     0  startup_stm32f10x_hd.o(.text)
    TIM8_TRG_COM_IRQHandler                  0x0800032f   Thumb Code     0  startup_stm32f10x_hd.o(.text)
    TIM8_UP_IRQHandler                       0x0800032f   Thumb Code     0  startup_stm32f10x_hd.o(.text)
    UART4_IRQHandler                         0x0800032f   Thumb Code     0  startup_stm32f10x_hd.o(.text)
    UART5_IRQHandler                         0x0800032f   Thumb Code     0  startup_stm32f10x_hd.o(.text)
    USART3_IRQHandler                        0x0800032f   Thumb Code     0  startup_stm32f10x_hd.o(.text)
    USBWakeUp_IRQHandler                     0x0800032f   Thumb Code     0  startup_stm32f10x_hd.o(.text)
    USB_HP_CAN1_TX_IRQHandler                0x0800032f   Thumb Code     0  startup_stm32f10x_hd.o(.text)
    USB_LP_CAN1_RX0_IRQHandler               0x0800032f   Thumb Code     0  startup_stm32f10x_hd.o(.text)
    WWDG_IRQHandler                          0x0800032f   Thumb Code     0  startup_stm32f10x_hd.o(.text)
    main                                     0x08000339   Thumb Code   504  main.o(.text)
    NMI_Handler                              0x080005a1   Thumb Code     2  stm32f10x_it.o(.text)
    HardFault_Handler                        0x080005a3   Thumb Code     4  stm32f10x_it.o(.text)
    MemManage_Handler                        0x080005a7   Thumb Code     4  stm32f10x_it.o(.text)
    BusFault_Handler                         0x080005ab   Thumb Code     4  stm32f10x_it.o(.text)
    UsageFault_Handler                       0x080005af   Thumb Code     4  stm32f10x_it.o(.text)
    SVC_Handler                              0x080005b3   Thumb Code     2  stm32f10x_it.o(.text)
    DebugMon_Handler                         0x080005b5   Thumb Code     2  stm32f10x_it.o(.text)
    PendSV_Handler                           0x080005b7   Thumb Code     2  stm32f10x_it.o(.text)
    SysTick_Handler                          0x080005b9   Thumb Code     2  stm32f10x_it.o(.text)
    EXTI0_IRQHandler                         0x080005bb   Thumb Code     2  stm32f10x_it.o(.text)
    USART1_IRQHandler                        0x080005bd   Thumb Code     2  stm32f10x_it.o(.text)
    USART2_IRQHandler                        0x080005bf   Thumb Code    70  stm32f10x_it.o(.text)
    RTC_IRQHandler                           0x08000605   Thumb Code     2  stm32f10x_it.o(.text)
    NVIC_PriorityGroupConfig                 0x08000615   Thumb Code    10  misc.o(.text)
    NVIC_Init                                0x0800061f   Thumb Code   102  misc.o(.text)
    NVIC_SetVectorTable                      0x08000685   Thumb Code    14  misc.o(.text)
    NVIC_SystemLPConfig                      0x08000693   Thumb Code    34  misc.o(.text)
    SysTick_CLKSourceConfig                  0x080006b5   Thumb Code    40  misc.o(.text)
    GPIO_DeInit                              0x080006f1   Thumb Code   172  stm32f10x_gpio.o(.text)
    GPIO_AFIODeInit                          0x0800079d   Thumb Code    20  stm32f10x_gpio.o(.text)
    GPIO_Init                                0x080007b1   Thumb Code   274  stm32f10x_gpio.o(.text)
    GPIO_StructInit                          0x080008c3   Thumb Code    16  stm32f10x_gpio.o(.text)
    GPIO_ReadInputDataBit                    0x080008d3   Thumb Code    18  stm32f10x_gpio.o(.text)
    GPIO_ReadInputData                       0x080008e5   Thumb Code     8  stm32f10x_gpio.o(.text)
    GPIO_ReadOutputDataBit                   0x080008ed   Thumb Code    18  stm32f10x_gpio.o(.text)
    GPIO_ReadOutputData                      0x080008ff   Thumb Code     8  stm32f10x_gpio.o(.text)
    GPIO_SetBits                             0x08000907   Thumb Code     4  stm32f10x_gpio.o(.text)
    GPIO_ResetBits                           0x0800090b   Thumb Code     4  stm32f10x_gpio.o(.text)
    GPIO_WriteBit                            0x0800090f   Thumb Code    10  stm32f10x_gpio.o(.text)
    GPIO_Write                               0x08000919   Thumb Code     4  stm32f10x_gpio.o(.text)
    GPIO_PinLockConfig                       0x0800091d   Thumb Code    18  stm32f10x_gpio.o(.text)
    GPIO_EventOutputConfig                   0x0800092f   Thumb Code    26  stm32f10x_gpio.o(.text)
    GPIO_EventOutputCmd                      0x08000949   Thumb Code     6  stm32f10x_gpio.o(.text)
    GPIO_PinRemapConfig                      0x0800094f   Thumb Code   138  stm32f10x_gpio.o(.text)
    GPIO_EXTILineConfig                      0x080009d9   Thumb Code    66  stm32f10x_gpio.o(.text)
    GPIO_ETH_MediaInterfaceConfig            0x08000a1b   Thumb Code     6  stm32f10x_gpio.o(.text)
    RCC_DeInit                               0x08000a49   Thumb Code    64  stm32f10x_rcc.o(.text)
    RCC_HSEConfig                            0x08000a89   Thumb Code    70  stm32f10x_rcc.o(.text)
    RCC_GetFlagStatus                        0x08000acf   Thumb Code    56  stm32f10x_rcc.o(.text)
    RCC_WaitForHSEStartUp                    0x08000b07   Thumb Code    48  stm32f10x_rcc.o(.text)
    RCC_AdjustHSICalibrationValue            0x08000b37   Thumb Code    20  stm32f10x_rcc.o(.text)
    RCC_HSICmd                               0x08000b4b   Thumb Code     6  stm32f10x_rcc.o(.text)
    RCC_PLLConfig                            0x08000b51   Thumb Code    24  stm32f10x_rcc.o(.text)
    RCC_PLLCmd                               0x08000b69   Thumb Code     6  stm32f10x_rcc.o(.text)
    RCC_SYSCLKConfig                         0x08000b6f   Thumb Code    18  stm32f10x_rcc.o(.text)
    RCC_GetSYSCLKSource                      0x08000b81   Thumb Code    10  stm32f10x_rcc.o(.text)
    RCC_HCLKConfig                           0x08000b8b   Thumb Code    18  stm32f10x_rcc.o(.text)
    RCC_PCLK1Config                          0x08000b9d   Thumb Code    18  stm32f10x_rcc.o(.text)
    RCC_PCLK2Config                          0x08000baf   Thumb Code    20  stm32f10x_rcc.o(.text)
    RCC_ITConfig                             0x08000bc3   Thumb Code    26  stm32f10x_rcc.o(.text)
    RCC_USBCLKConfig                         0x08000bdd   Thumb Code     6  stm32f10x_rcc.o(.text)
    RCC_ADCCLKConfig                         0x08000be3   Thumb Code    18  stm32f10x_rcc.o(.text)
    RCC_LSEConfig                            0x08000bf5   Thumb Code    44  stm32f10x_rcc.o(.text)
    RCC_LSICmd                               0x08000c21   Thumb Code     6  stm32f10x_rcc.o(.text)
    RCC_RTCCLKConfig                         0x08000c27   Thumb Code    12  stm32f10x_rcc.o(.text)
    RCC_RTCCLKCmd                            0x08000c33   Thumb Code     8  stm32f10x_rcc.o(.text)
    RCC_GetClocksFreq                        0x08000c3b   Thumb Code   192  stm32f10x_rcc.o(.text)
    RCC_AHBPeriphClockCmd                    0x08000cfb   Thumb Code    26  stm32f10x_rcc.o(.text)
    RCC_APB2PeriphClockCmd                   0x08000d15   Thumb Code    26  stm32f10x_rcc.o(.text)
    RCC_APB1PeriphClockCmd                   0x08000d2f   Thumb Code    26  stm32f10x_rcc.o(.text)
    RCC_APB2PeriphResetCmd                   0x08000d49   Thumb Code    26  stm32f10x_rcc.o(.text)
    RCC_APB1PeriphResetCmd                   0x08000d63   Thumb Code    26  stm32f10x_rcc.o(.text)
    RCC_BackupResetCmd                       0x08000d7d   Thumb Code     8  stm32f10x_rcc.o(.text)
    RCC_ClockSecuritySystemCmd               0x08000d85   Thumb Code     6  stm32f10x_rcc.o(.text)
    RCC_MCOConfig                            0x08000d8b   Thumb Code     6  stm32f10x_rcc.o(.text)
    RCC_ClearFlag                            0x08000d91   Thumb Code    14  stm32f10x_rcc.o(.text)
    RCC_GetITStatus                          0x08000d9f   Thumb Code    20  stm32f10x_rcc.o(.text)
    RCC_ClearITPendingBit                    0x08000db3   Thumb Code     6  stm32f10x_rcc.o(.text)
    USART_DeInit                             0x08000ded   Thumb Code   134  stm32f10x_usart.o(.text)
    USART_Init                               0x08000e73   Thumb Code   210  stm32f10x_usart.o(.text)
    USART_StructInit                         0x08000f45   Thumb Code    24  stm32f10x_usart.o(.text)
    USART_ClockInit                          0x08000f5d   Thumb Code    34  stm32f10x_usart.o(.text)
    USART_ClockStructInit                    0x08000f7f   Thumb Code    12  stm32f10x_usart.o(.text)
    USART_Cmd                                0x08000f8b   Thumb Code    24  stm32f10x_usart.o(.text)
    USART_ITConfig                           0x08000fa3   Thumb Code    74  stm32f10x_usart.o(.text)
    USART_DMACmd                             0x08000fed   Thumb Code    18  stm32f10x_usart.o(.text)
    USART_SetAddress                         0x08000fff   Thumb Code    18  stm32f10x_usart.o(.text)
    USART_WakeUpConfig                       0x08001011   Thumb Code    18  stm32f10x_usart.o(.text)
    USART_ReceiverWakeUpCmd                  0x08001023   Thumb Code    24  stm32f10x_usart.o(.text)
    USART_LINBreakDetectLengthConfig         0x0800103b   Thumb Code    18  stm32f10x_usart.o(.text)
    USART_LINCmd                             0x0800104d   Thumb Code    24  stm32f10x_usart.o(.text)
    USART_SendData                           0x08001065   Thumb Code     8  stm32f10x_usart.o(.text)
    USART_ReceiveData                        0x0800106d   Thumb Code    10  stm32f10x_usart.o(.text)
    USART_SendBreak                          0x08001077   Thumb Code    10  stm32f10x_usart.o(.text)
    USART_SetGuardTime                       0x08001081   Thumb Code    16  stm32f10x_usart.o(.text)
    USART_SetPrescaler                       0x08001091   Thumb Code    16  stm32f10x_usart.o(.text)
    USART_SmartCardCmd                       0x080010a1   Thumb Code    24  stm32f10x_usart.o(.text)
    USART_SmartCardNACKCmd                   0x080010b9   Thumb Code    24  stm32f10x_usart.o(.text)
    USART_HalfDuplexCmd                      0x080010d1   Thumb Code    24  stm32f10x_usart.o(.text)
    USART_OverSampling8Cmd                   0x080010e9   Thumb Code    22  stm32f10x_usart.o(.text)
    USART_OneBitMethodCmd                    0x080010ff   Thumb Code    24  stm32f10x_usart.o(.text)
    USART_IrDAConfig                         0x08001117   Thumb Code    18  stm32f10x_usart.o(.text)
    USART_IrDACmd                            0x08001129   Thumb Code    24  stm32f10x_usart.o(.text)
    USART_GetFlagStatus                      0x08001141   Thumb Code    26  stm32f10x_usart.o(.text)
    USART_ClearFlag                          0x0800115b   Thumb Code    18  stm32f10x_usart.o(.text)
    USART_GetITStatus                        0x0800116d   Thumb Code    84  stm32f10x_usart.o(.text)
    USART_ClearITPendingBit                  0x080011c1   Thumb Code    52  stm32f10x_usart.o(.text)
    ADC_DeInit                               0x080011f5   Thumb Code    78  stm32f10x_adc.o(.text)
    ADC_Init                                 0x08001243   Thumb Code    70  stm32f10x_adc.o(.text)
    ADC_StructInit                           0x08001289   Thumb Code    18  stm32f10x_adc.o(.text)
    ADC_Cmd                                  0x0800129b   Thumb Code    22  stm32f10x_adc.o(.text)
    ADC_DMACmd                               0x080012b1   Thumb Code    22  stm32f10x_adc.o(.text)
    ADC_ITConfig                             0x080012c7   Thumb Code    24  stm32f10x_adc.o(.text)
    ADC_ResetCalibration                     0x080012df   Thumb Code    10  stm32f10x_adc.o(.text)
    ADC_GetResetCalibrationStatus            0x080012e9   Thumb Code    20  stm32f10x_adc.o(.text)
    ADC_StartCalibration                     0x080012fd   Thumb Code    10  stm32f10x_adc.o(.text)
    ADC_GetCalibrationStatus                 0x08001307   Thumb Code    20  stm32f10x_adc.o(.text)
    ADC_SoftwareStartConvCmd                 0x0800131b   Thumb Code    22  stm32f10x_adc.o(.text)
    ADC_GetSoftwareStartConvStatus           0x08001331   Thumb Code    20  stm32f10x_adc.o(.text)
    ADC_DiscModeChannelCountConfig           0x08001345   Thumb Code    24  stm32f10x_adc.o(.text)
    ADC_DiscModeCmd                          0x0800135d   Thumb Code    22  stm32f10x_adc.o(.text)
    ADC_RegularChannelConfig                 0x08001373   Thumb Code   184  stm32f10x_adc.o(.text)
    ADC_ExternalTrigConvCmd                  0x0800142b   Thumb Code    22  stm32f10x_adc.o(.text)
    ADC_GetConversionValue                   0x08001441   Thumb Code     8  stm32f10x_adc.o(.text)
    ADC_GetDualModeConversionValue           0x08001449   Thumb Code     8  stm32f10x_adc.o(.text)
    ADC_AutoInjectedConvCmd                  0x08001451   Thumb Code    22  stm32f10x_adc.o(.text)
    ADC_InjectedDiscModeCmd                  0x08001467   Thumb Code    22  stm32f10x_adc.o(.text)
    ADC_ExternalTrigInjectedConvConfig       0x0800147d   Thumb Code    16  stm32f10x_adc.o(.text)
    ADC_ExternalTrigInjectedConvCmd          0x0800148d   Thumb Code    22  stm32f10x_adc.o(.text)
    ADC_SoftwareStartInjectedConvCmd         0x080014a3   Thumb Code    22  stm32f10x_adc.o(.text)
    ADC_GetSoftwareStartInjectedConvCmdStatus 0x080014b9   Thumb Code    20  stm32f10x_adc.o(.text)
    ADC_InjectedChannelConfig                0x080014cd   Thumb Code   130  stm32f10x_adc.o(.text)
    ADC_InjectedSequencerLengthConfig        0x0800154f   Thumb Code    24  stm32f10x_adc.o(.text)
    ADC_SetInjectedOffset                    0x08001567   Thumb Code    12  stm32f10x_adc.o(.text)
    ADC_GetInjectedConversionValue           0x08001573   Thumb Code    18  stm32f10x_adc.o(.text)
    ADC_AnalogWatchdogCmd                    0x08001585   Thumb Code    16  stm32f10x_adc.o(.text)
    ADC_AnalogWatchdogThresholdsConfig       0x08001595   Thumb Code     6  stm32f10x_adc.o(.text)
    ADC_AnalogWatchdogSingleChannelConfig    0x0800159b   Thumb Code    16  stm32f10x_adc.o(.text)
    ADC_TempSensorVrefintCmd                 0x080015ab   Thumb Code    38  stm32f10x_adc.o(.text)
    ADC_GetFlagStatus                        0x080015d1   Thumb Code    44  stm32f10x_adc.o(.text)
    ADC_ClearFlag                            0x080015fd   Thumb Code     6  stm32f10x_adc.o(.text)
    ADC_GetITStatus                          0x08001603   Thumb Code    36  stm32f10x_adc.o(.text)
    ADC_ClearITPendingBit                    0x08001627   Thumb Code    10  stm32f10x_adc.o(.text)
    DMA_DeInit                               0x08001631   Thumb Code   324  stm32f10x_dma.o(.text)
    DMA_Init                                 0x08001775   Thumb Code    60  stm32f10x_dma.o(.text)
    DMA_StructInit                           0x080017b1   Thumb Code    26  stm32f10x_dma.o(.text)
    DMA_Cmd                                  0x080017cb   Thumb Code    24  stm32f10x_dma.o(.text)
    DMA_ITConfig                             0x080017e3   Thumb Code    18  stm32f10x_dma.o(.text)
    DMA_SetCurrDataCounter                   0x080017f5   Thumb Code     4  stm32f10x_dma.o(.text)
    DMA_GetCurrDataCounter                   0x080017f9   Thumb Code     8  stm32f10x_dma.o(.text)
    DMA_GetFlagStatus                        0x08001801   Thumb Code    38  stm32f10x_dma.o(.text)
    DMA_ClearFlag                            0x08001827   Thumb Code    22  stm32f10x_dma.o(.text)
    DMA_GetITStatus                          0x0800183d   Thumb Code    38  stm32f10x_dma.o(.text)
    DMA_ClearITPendingBit                    0x08001863   Thumb Code    22  stm32f10x_dma.o(.text)
    TIM_DeInit                               0x08001881   Thumb Code   424  stm32f10x_tim.o(.text)
    TIM_TimeBaseInit                         0x08001a29   Thumb Code   122  stm32f10x_tim.o(.text)
    TIM_OC1Init                              0x08001aa3   Thumb Code   132  stm32f10x_tim.o(.text)
    TIM_OC2Init                              0x08001b27   Thumb Code   154  stm32f10x_tim.o(.text)
    TIM_OC3Init                              0x08001bc1   Thumb Code   150  stm32f10x_tim.o(.text)
    TIM_OC4Init                              0x08001c57   Thumb Code   182  stm32f10x_tim.o(.text)
    TIM_SetIC4Prescaler                      0x08001d0d   Thumb Code    26  stm32f10x_tim.o(.text)
    TIM_SetIC3Prescaler                      0x08001da9   Thumb Code    18  stm32f10x_tim.o(.text)
    TIM_SetIC2Prescaler                      0x08001e35   Thumb Code    26  stm32f10x_tim.o(.text)
    TIM_SetIC1Prescaler                      0x08001ed1   Thumb Code    18  stm32f10x_tim.o(.text)
    TIM_ICInit                               0x08001f4f   Thumb Code   150  stm32f10x_tim.o(.text)
    TIM_PWMIConfig                           0x08001fe5   Thumb Code   124  stm32f10x_tim.o(.text)
    TIM_BDTRConfig                           0x08002061   Thumb Code    32  stm32f10x_tim.o(.text)
    TIM_TimeBaseStructInit                   0x08002081   Thumb Code    18  stm32f10x_tim.o(.text)
    TIM_OCStructInit                         0x08002093   Thumb Code    20  stm32f10x_tim.o(.text)
    TIM_ICStructInit                         0x080020a7   Thumb Code    18  stm32f10x_tim.o(.text)
    TIM_BDTRStructInit                       0x080020b9   Thumb Code    40  stm32f10x_tim.o(.text)
    TIM_Cmd                                  0x080020e1   Thumb Code    24  stm32f10x_tim.o(.text)
    TIM_CtrlPWMOutputs                       0x080020f9   Thumb Code    30  stm32f10x_tim.o(.text)
    TIM_ITConfig                             0x08002117   Thumb Code    18  stm32f10x_tim.o(.text)
    TIM_GenerateEvent                        0x08002129   Thumb Code     4  stm32f10x_tim.o(.text)
    TIM_DMAConfig                            0x0800212d   Thumb Code    10  stm32f10x_tim.o(.text)
    TIM_DMACmd                               0x08002137   Thumb Code    18  stm32f10x_tim.o(.text)
    TIM_InternalClockConfig                  0x08002149   Thumb Code    12  stm32f10x_tim.o(.text)
    TIM_SelectInputTrigger                   0x08002155   Thumb Code    18  stm32f10x_tim.o(.text)
    TIM_ITRxExternalClockConfig              0x08002167   Thumb Code    24  stm32f10x_tim.o(.text)
    TIM_TIxExternalClockConfig               0x0800217f   Thumb Code    62  stm32f10x_tim.o(.text)
    TIM_ETRConfig                            0x080021bd   Thumb Code    28  stm32f10x_tim.o(.text)
    TIM_ETRClockMode1Config                  0x080021d9   Thumb Code    54  stm32f10x_tim.o(.text)
    TIM_ETRClockMode2Config                  0x0800220f   Thumb Code    32  stm32f10x_tim.o(.text)
    TIM_PrescalerConfig                      0x0800222f   Thumb Code     6  stm32f10x_tim.o(.text)
    TIM_CounterModeConfig                    0x08002235   Thumb Code    18  stm32f10x_tim.o(.text)
    TIM_EncoderInterfaceConfig               0x08002247   Thumb Code    66  stm32f10x_tim.o(.text)
    TIM_ForcedOC1Config                      0x08002289   Thumb Code    18  stm32f10x_tim.o(.text)
    TIM_ForcedOC2Config                      0x0800229b   Thumb Code    26  stm32f10x_tim.o(.text)
    TIM_ForcedOC3Config                      0x080022b5   Thumb Code    18  stm32f10x_tim.o(.text)
    TIM_ForcedOC4Config                      0x080022c7   Thumb Code    26  stm32f10x_tim.o(.text)
    TIM_ARRPreloadConfig                     0x080022e1   Thumb Code    24  stm32f10x_tim.o(.text)
    TIM_SelectCOM                            0x080022f9   Thumb Code    24  stm32f10x_tim.o(.text)
    TIM_SelectCCDMA                          0x08002311   Thumb Code    24  stm32f10x_tim.o(.text)
    TIM_CCPreloadControl                     0x08002329   Thumb Code    24  stm32f10x_tim.o(.text)
    TIM_OC1PreloadConfig                     0x08002341   Thumb Code    18  stm32f10x_tim.o(.text)
    TIM_OC2PreloadConfig                     0x08002353   Thumb Code    26  stm32f10x_tim.o(.text)
    TIM_OC3PreloadConfig                     0x0800236d   Thumb Code    18  stm32f10x_tim.o(.text)
    TIM_OC4PreloadConfig                     0x0800237f   Thumb Code    26  stm32f10x_tim.o(.text)
    TIM_OC1FastConfig                        0x08002399   Thumb Code    18  stm32f10x_tim.o(.text)
    TIM_OC2FastConfig                        0x080023ab   Thumb Code    26  stm32f10x_tim.o(.text)
    TIM_OC3FastConfig                        0x080023c5   Thumb Code    18  stm32f10x_tim.o(.text)
    TIM_OC4FastConfig                        0x080023d7   Thumb Code    26  stm32f10x_tim.o(.text)
    TIM_ClearOC1Ref                          0x080023f1   Thumb Code    18  stm32f10x_tim.o(.text)
    TIM_ClearOC2Ref                          0x08002403   Thumb Code    24  stm32f10x_tim.o(.text)
    TIM_ClearOC3Ref                          0x0800241b   Thumb Code    18  stm32f10x_tim.o(.text)
    TIM_ClearOC4Ref                          0x0800242d   Thumb Code    24  stm32f10x_tim.o(.text)
    TIM_OC1PolarityConfig                    0x08002445   Thumb Code    18  stm32f10x_tim.o(.text)
    TIM_OC1NPolarityConfig                   0x08002457   Thumb Code    18  stm32f10x_tim.o(.text)
    TIM_OC2PolarityConfig                    0x08002469   Thumb Code    26  stm32f10x_tim.o(.text)
    TIM_OC2NPolarityConfig                   0x08002483   Thumb Code    26  stm32f10x_tim.o(.text)
    TIM_OC3PolarityConfig                    0x0800249d   Thumb Code    26  stm32f10x_tim.o(.text)
    TIM_OC3NPolarityConfig                   0x080024b7   Thumb Code    26  stm32f10x_tim.o(.text)
    TIM_OC4PolarityConfig                    0x080024d1   Thumb Code    26  stm32f10x_tim.o(.text)
    TIM_CCxCmd                               0x080024eb   Thumb Code    30  stm32f10x_tim.o(.text)
    TIM_CCxNCmd                              0x08002509   Thumb Code    30  stm32f10x_tim.o(.text)
    TIM_SelectOCxM                           0x08002527   Thumb Code    82  stm32f10x_tim.o(.text)
    TIM_UpdateDisableConfig                  0x08002579   Thumb Code    24  stm32f10x_tim.o(.text)
    TIM_UpdateRequestConfig                  0x08002591   Thumb Code    24  stm32f10x_tim.o(.text)
    TIM_SelectHallSensor                     0x080025a9   Thumb Code    24  stm32f10x_tim.o(.text)
    TIM_SelectOnePulseMode                   0x080025c1   Thumb Code    18  stm32f10x_tim.o(.text)
    TIM_SelectOutputTrigger                  0x080025d3   Thumb Code    18  stm32f10x_tim.o(.text)
    TIM_SelectSlaveMode                      0x080025e5   Thumb Code    18  stm32f10x_tim.o(.text)
    TIM_SelectMasterSlaveMode                0x080025f7   Thumb Code    18  stm32f10x_tim.o(.text)
    TIM_SetCounter                           0x08002609   Thumb Code     4  stm32f10x_tim.o(.text)
    TIM_SetAutoreload                        0x0800260d   Thumb Code     4  stm32f10x_tim.o(.text)
    TIM_SetCompare1                          0x08002611   Thumb Code     4  stm32f10x_tim.o(.text)
    TIM_SetCompare2                          0x08002615   Thumb Code     4  stm32f10x_tim.o(.text)
    TIM_SetCompare3                          0x08002619   Thumb Code     4  stm32f10x_tim.o(.text)
    TIM_SetCompare4                          0x0800261d   Thumb Code     6  stm32f10x_tim.o(.text)
    TIM_SetClockDivision                     0x08002623   Thumb Code    18  stm32f10x_tim.o(.text)
    TIM_GetCapture1                          0x08002635   Thumb Code     6  stm32f10x_tim.o(.text)
    TIM_GetCapture2                          0x0800263b   Thumb Code     6  stm32f10x_tim.o(.text)
    TIM_GetCapture3                          0x08002641   Thumb Code     6  stm32f10x_tim.o(.text)
    TIM_GetCapture4                          0x08002647   Thumb Code     8  stm32f10x_tim.o(.text)
    TIM_GetCounter                           0x0800264f   Thumb Code     6  stm32f10x_tim.o(.text)
    TIM_GetPrescaler                         0x08002655   Thumb Code     6  stm32f10x_tim.o(.text)
    TIM_GetFlagStatus                        0x0800265b   Thumb Code    18  stm32f10x_tim.o(.text)
    TIM_ClearFlag                            0x0800266d   Thumb Code     6  stm32f10x_tim.o(.text)
    TIM_GetITStatus                          0x08002673   Thumb Code    34  stm32f10x_tim.o(.text)
    TIM_ClearITPendingBit                    0x08002695   Thumb Code     6  stm32f10x_tim.o(.text)
    HTTP_GetPkt                              0x0800269d   Thumb Code   264  http_demo.o(.text)
    ESP8266_Init                             0x08002871   Thumb Code   104  esp8266.o(.text)
    USART1_Config                            0x08002985   Thumb Code   152  usart1.o(.text)
    usart1_write                             0x08002a1d   Thumb Code    50  usart1.o(.text)
    fputc                                    0x08002a4f   Thumb Code    32  usart1.o(.text)
    USART2_Config                            0x08002a79   Thumb Code   158  usart2.o(.text)
    USART2_Clear                             0x08002b17   Thumb Code    20  usart2.o(.text)
    USART2_Write                             0x08002b2b   Thumb Code    58  usart2.o(.text)
    SendCmd                                  0x08002b65   Thumb Code    78  usart2.o(.text)
    USART2_GetRcvNum                         0x08002bb3   Thumb Code     6  usart2.o(.text)
    USART2_GetRcvData                        0x08002bb9   Thumb Code    24  usart2.o(.text)
    DMA_Configuration                        0x08002bfd   Thumb Code    74  adc.o(.text)
    ADC_Configuration                        0x08002c47   Thumb Code   136  adc.o(.text)
    GPIO_Configuration                       0x08002ccf   Thumb Code    30  adc.o(.text)
    RCC_Configuration                        0x08002ced   Thumb Code    36  adc.o(.text)
    ADC_Config                               0x08002d11   Thumb Code    20  adc.o(.text)
    Delay_Init                               0x08002d35   Thumb Code    48  delay.o(.text)
    DelayUs                                  0x08002d65   Thumb Code    56  delay.o(.text)
    DelayXms                                 0x08002d9d   Thumb Code    62  delay.o(.text)
    DelayMs                                  0x08002ddb   Thumb Code    60  delay.o(.text)
    SRF05_Init                               0x08002e21   Thumb Code    58  srf05.o(.text)
    SRF05_StartMeasure                       0x08002e5b   Thumb Code   138  srf05.o(.text)
    TIM2_NVIC_Configuration                  0x08002ee9   Thumb Code    42  tim2.o(.text)
    TIM2_Configuration                       0x08002f13   Thumb Code    64  tim2.o(.text)
    __aeabi_memcpy                           0x08002f53   Thumb Code    36  memcpya.o(.text)
    __aeabi_memcpy4                          0x08002f53   Thumb Code     0  memcpya.o(.text)
    __aeabi_memcpy8                          0x08002f53   Thumb Code     0  memcpya.o(.text)
    __aeabi_memset                           0x08002f77   Thumb Code    14  memseta.o(.text)
    __aeabi_memset4                          0x08002f77   Thumb Code     0  memseta.o(.text)
    __aeabi_memset8                          0x08002f77   Thumb Code     0  memseta.o(.text)
    __aeabi_memclr                           0x08002f85   Thumb Code     4  memseta.o(.text)
    __aeabi_memclr4                          0x08002f85   Thumb Code     0  memseta.o(.text)
    __aeabi_memclr8                          0x08002f85   Thumb Code     0  memseta.o(.text)
    _memset$wrapper                          0x08002f89   Thumb Code    18  memseta.o(.text)
    strcat                                   0x08002f9b   Thumb Code    28  strcat.o(.text)
    strstr                                   0x08002fb7   Thumb Code    44  strstr.o(.text)
    strlen                                   0x08002fe3   Thumb Code    16  strlen.o(.text)
    __aeabi_uidiv                            0x08002ff3   Thumb Code     0  uidiv.o(.text)
    __aeabi_uidivmod                         0x08002ff3   Thumb Code    44  uidiv.o(.text)
    __scatterload                            0x08003021   Thumb Code    28  init.o(.text)
    __scatterload_rt2                        0x08003021   Thumb Code     0  init.o(.text)
    __0printf$3                              0x08003045   Thumb Code    22  printf3.o(i.__0printf$3)
    __1printf$3                              0x08003045   Thumb Code     0  printf3.o(i.__0printf$3)
    __2printf                                0x08003045   Thumb Code     0  printf3.o(i.__0printf$3)
    __0sprintf$3                             0x08003065   Thumb Code    34  printf3.o(i.__0sprintf$3)
    __1sprintf$3                             0x08003065   Thumb Code     0  printf3.o(i.__0sprintf$3)
    __2sprintf                               0x08003065   Thumb Code     0  printf3.o(i.__0sprintf$3)
    __scatterload_copy                       0x0800308d   Thumb Code    14  handlers.o(i.__scatterload_copy)
    __scatterload_null                       0x0800309b   Thumb Code     2  handlers.o(i.__scatterload_null)
    __scatterload_zeroinit                   0x0800309d   Thumb Code    14  handlers.o(i.__scatterload_zeroinit)
    Region$$Table$$Base                      0x08003278   Number         0  anon$$obj.o(Region$$Table)
    Region$$Table$$Limit                     0x08003298   Number         0  anon$$obj.o(Region$$Table)
    SystemCoreClock                          0x20000000   Data           4  system_stm32f10x.o(.data)
    AHBPrescTable                            0x20000004   Data          16  system_stm32f10x.o(.data)
    gprs_ready_flag                          0x20000028   Data           1  usart2.o(.data)
    gprs_ready_count                         0x20000029   Data           1  usart2.o(.data)
    usart2_rcv_len                           0x2000002c   Data           4  usart2.o(.data)
    adcConvertedValue                        0x20000030   Data           4  adc.o(.data)
    UsCount                                  0x20000034   Data           1  delay.o(.data)
    MsCount                                  0x20000036   Data           2  delay.o(.data)
    __stdout                                 0x20000038   Data           4  stdout.o(.data)
    text                                     0x2000003c   Data         100  http_demo.o(.bss)
    temp                                     0x200000a0   Data          10  http_demo.o(.bss)
    usart2_rcv_buf                           0x200000aa   Data        1024  usart2.o(.bss)
    __initial_sp                             0x200008b0   Data           0  startup_stm32f10x_hd.o(STACK)



==============================================================================

Memory Map of the image

  Image Entry point : 0x08000131

  Load Region LR_IROM1 (Base: 0x08000000, Size: 0x000032d4, Max: 0x00080000, ABSOLUTE)

    Execution Region ER_IROM1 (Base: 0x08000000, Size: 0x00003298, Max: 0x00080000, ABSOLUTE)

    Base Addr    Size         Type   Attr      Idx    E Section Name        Object

    0x08000000   0x00000130   Data   RO          116    RESET               startup_stm32f10x_hd.o
    0x08000130   0x00000000   Code   RO          439  * .ARM.Collect$$$$00000000  mc_w.l(entry.o)
    0x08000130   0x00000004   Code   RO          715    .ARM.Collect$$$$00000001  mc_w.l(entry2.o)
    0x08000134   0x00000004   Code   RO          718    .ARM.Collect$$$$00000004  mc_w.l(entry5.o)
    0x08000138   0x00000000   Code   RO          720    .ARM.Collect$$$$00000008  mc_w.l(entry7b.o)
    0x08000138   0x00000008   Code   RO          721    .ARM.Collect$$$$00000009  mc_w.l(entry8.o)
    0x08000140   0x00000004   Code   RO          716    .ARM.Collect$$$$00002712  mc_w.l(entry2.o)
    0x08000144   0x000001d0   Code   RO           17    .text               system_stm32f10x.o
    0x08000314   0x00000024   Code   RO          117    .text               startup_stm32f10x_hd.o
    0x08000338   0x00000268   Code   RO          121    .text               main.o
    0x080005a0   0x00000074   Code   RO          171    .text               stm32f10x_it.o
    0x08000614   0x000000dc   Code   RO          187    .text               misc.o
    0x080006f0   0x00000358   Code   RO          223    .text               stm32f10x_gpio.o
    0x08000a48   0x000003a4   Code   RO          247    .text               stm32f10x_rcc.o
    0x08000dec   0x00000408   Code   RO          261    .text               stm32f10x_usart.o
    0x080011f4   0x0000043c   Code   RO          273    .text               stm32f10x_adc.o
    0x08001630   0x00000250   Code   RO          285    .text               stm32f10x_dma.o
    0x08001880   0x00000e1a   Code   RO          297    .text               stm32f10x_tim.o
    0x0800269a   0x00000002   PAD
    0x0800269c   0x000001d4   Code   RO          309    .text               http_demo.o
    0x08002870   0x00000114   Code   RO          331    .text               esp8266.o
    0x08002984   0x000000f4   Code   RO          343    .text               usart1.o
    0x08002a78   0x00000184   Code   RO          362    .text               usart2.o
    0x08002bfc   0x00000138   Code   RO          382    .text               adc.o
    0x08002d34   0x000000ec   Code   RO          400    .text               delay.o
    0x08002e20   0x000000c8   Code   RO          415    .text               srf05.o
    0x08002ee8   0x0000006a   Code   RO          427    .text               tim2.o
    0x08002f52   0x00000024   Code   RO          442    .text               mc_w.l(memcpya.o)
    0x08002f76   0x00000024   Code   RO          444    .text               mc_w.l(memseta.o)
    0x08002f9a   0x0000001c   Code   RO          446    .text               mc_w.l(strcat.o)
    0x08002fb6   0x0000002c   Code   RO          448    .text               mc_w.l(strstr.o)
    0x08002fe2   0x00000010   Code   RO          450    .text               mc_w.l(strlen.o)
    0x08002ff2   0x0000002c   Code   RO          723    .text               mc_w.l(uidiv.o)
    0x0800301e   0x00000002   PAD
    0x08003020   0x00000024   Code   RO          738    .text               mc_w.l(init.o)
    0x08003044   0x00000020   Code   RO          543    i.__0printf$3       mc_w.l(printf3.o)
    0x08003064   0x00000028   Code   RO          545    i.__0sprintf$3      mc_w.l(printf3.o)
    0x0800308c   0x0000000e   Code   RO          750    i.__scatterload_copy  mc_w.l(handlers.o)
    0x0800309a   0x00000002   Code   RO          751    i.__scatterload_null  mc_w.l(handlers.o)
    0x0800309c   0x0000000e   Code   RO          752    i.__scatterload_zeroinit  mc_w.l(handlers.o)
    0x080030aa   0x00000002   PAD
    0x080030ac   0x000001b8   Code   RO          550    i._printf_core      mc_w.l(printf3.o)
    0x08003264   0x0000000a   Code   RO          552    i._sputc            mc_w.l(printf3.o)
    0x0800326e   0x00000008   Data   RO          364    .constdata          usart2.o
    0x08003276   0x00000002   PAD
    0x08003278   0x00000020   Data   RO          748    Region$$Table       anon$$obj.o


    Execution Region RW_IRAM1 (Base: 0x20000000, Size: 0x000008b0, Max: 0x00010000, ABSOLUTE)

    Base Addr    Size         Type   Attr      Idx    E Section Name        Object

    0x20000000   0x00000014   Data   RW           18    .data               system_stm32f10x.o
    0x20000014   0x00000014   Data   RW          248    .data               stm32f10x_rcc.o
    0x20000028   0x00000008   Data   RW          365    .data               usart2.o
    0x20000030   0x00000004   Data   RW          383    .data               adc.o
    0x20000034   0x00000004   Data   RW          401    .data               delay.o
    0x20000038   0x00000004   Data   RW          722    .data               mc_w.l(stdout.o)
    0x2000003c   0x0000006e   Zero   RW          310    .bss                http_demo.o
    0x200000aa   0x00000400   Zero   RW          363    .bss                usart2.o
    0x200004aa   0x00000006   PAD
    0x200004b0   0x00000400   Zero   RW          114    STACK               startup_stm32f10x_hd.o


==============================================================================

Image component sizes


      Code (inc. data)   RO Data    RW Data    ZI Data      Debug   Object Name

       312         16          0          4          0       1338   adc.o
         0          0          0          0          0       4244   core_cm3.o
       236         10          0          4          0       1276   delay.o
       276        172          0          0          0        419   esp8266.o
       468        204          0          0        110       1162   http_demo.o
       616        112          0          0          0       2203   main.o
       220         20          0          0          0       1761   misc.o
       200          4          0          0          0        640   srf05.o
        36          8        304          0       1024        764   startup_stm32f10x_hd.o
      1084         26          0          0          0      10777   stm32f10x_adc.o
       592          8          0          0          0       4290   stm32f10x_dma.o
       856         40          0          0          0       5609   stm32f10x_gpio.o
       116         14          0          0          0       1694   stm32f10x_it.o
       932         52          0         20          0       8724   stm32f10x_rcc.o
      3610         88          0          0          0      22096   stm32f10x_tim.o
      1032         22          0          0          0       8332   stm32f10x_usart.o
       464         44          0         20          0     268619   system_stm32f10x.o
       106          0          0          0          0        613   tim2.o
       244         10          0          0          0       1531   usart1.o
       388         44          8          8       1024       2522   usart2.o

    ----------------------------------------------------------------------
     11790        894        346         56       2164     348614   Object Totals
         0          0         32          0          0          0   (incl. Generated)
         2          0          2          0          6          0   (incl. Padding)

    ----------------------------------------------------------------------

      Code (inc. data)   RO Data    RW Data    ZI Data      Debug   Library Member Name

         0          0          0          0          0          0   entry.o
         8          4          0          0          0          0   entry2.o
         4          0          0          0          0          0   entry5.o
         0          0          0          0          0          0   entry7b.o
         8          4          0          0          0          0   entry8.o
        30          0          0          0          0          0   handlers.o
        36          8          0          0          0         68   init.o
        36          0          0          0          0         68   memcpya.o
        36          0          0          0          0        108   memseta.o
       522         20          0          0          0        332   printf3.o
         0          0          0          4          0          0   stdout.o
        28          0          0          0          0         68   strcat.o
        16          0          0          0          0         68   strlen.o
        44          0          0          0          0         80   strstr.o
        44          0          0          0          0         80   uidiv.o

    ----------------------------------------------------------------------
       816         36          0          4          0        872   Library Totals
         4          0          0          0          0          0   (incl. Padding)

    ----------------------------------------------------------------------

      Code (inc. data)   RO Data    RW Data    ZI Data      Debug   Library Name

       812         36          0          4          0        872   mc_w.l

    ----------------------------------------------------------------------
       816         36          0          4          0        872   Library Totals

    ----------------------------------------------------------------------

==============================================================================


      Code (inc. data)   RO Data    RW Data    ZI Data      Debug   

     12606        930        346         60       2164     347406   Grand Totals
     12606        930        346         60       2164     347406   ELF Image Totals
     12606        930        346         60          0          0   ROM Totals

==============================================================================

    Total RO  Size (Code + RO Data)                12952 (  12.65kB)
    Total RW  Size (RW Data + ZI Data)              2224 (   2.17kB)
    Total ROM Size (Code + RO Data + RW Data)      13012 (  12.71kB)

==============================================================================

